{
  "version": "1.5.0",
  "plugins_used": [
    {
      "name": "ArtifactoryDetector"
    },
    {
      "name": "AWSKeyDetector"
    },
    {
      "name": "AzureStorageKeyDetector"
    },
    {
      "name": "Base64HighEntropyString",
      "limit": 4.5
    },
    {
      "name": "BasicAuthDetector"
    },
    {
      "name": "CloudantDetector"
    },
    {
      "name": "DiscordBotTokenDetector"
    },
    {
      "name": "GitHubTokenDetector"
    },
    {
      "name": "GitLabTokenDetector"
    },
    {
      "name": "HexHighEntropyString",
      "limit": 3.0
    },
    {
      "name": "IbmCloudIamDetector"
    },
    {
      "name": "IbmCosHmacDetector"
    },
    {
      "name": "IPPublicDetector"
    },
    {
      "name": "JwtTokenDetector"
    },
    {
      "name": "KeywordDetector",
      "keyword_exclude": ""
    },
    {
      "name": "MailchimpDetector"
    },
    {
      "name": "NpmDetector"
    },
    {
      "name": "OpenAIDetector"
    },
    {
      "name": "PrivateKeyDetector"
    },
    {
      "name": "PypiTokenDetector"
    },
    {
      "name": "SendGridDetector"
    },
    {
      "name": "SlackDetector"
    },
    {
      "name": "SoftlayerDetector"
    },
    {
      "name": "SquareOAuthDetector"
    },
    {
      "name": "StripeDetector"
    },
    {
      "name": "TelegramBotTokenDetector"
    },
    {
      "name": "TwilioKeyDetector"
    }
  ],
  "filters_used": [
    {
      "path": "detect_secrets.filters.allowlist.is_line_allowlisted"
    },
    {
      "path": "detect_secrets.filters.common.is_ignored_due_to_verification_policies",
      "min_level": 2
    },
    {
      "path": "detect_secrets.filters.heuristic.is_indirect_reference"
    },
    {
      "path": "detect_secrets.filters.heuristic.is_likely_id_string"
    },
    {
      "path": "detect_secrets.filters.heuristic.is_lock_file"
    },
    {
      "path": "detect_secrets.filters.heuristic.is_not_alphanumeric_string"
    },
    {
      "path": "detect_secrets.filters.heuristic.is_potential_uuid"
    },
    {
      "path": "detect_secrets.filters.heuristic.is_prefixed_with_dollar_sign"
    },
    {
      "path": "detect_secrets.filters.heuristic.is_sequential_string"
    },
    {
      "path": "detect_secrets.filters.heuristic.is_swagger_file"
    },
    {
      "path": "detect_secrets.filters.heuristic.is_templated_secret"
    },
    {
      "path": "detect_secrets.filters.regex.should_exclude_file",
      "pattern": [
        "\\.docx$|\\.xlsx$|\\.png$|node_modules/"
      ]
    }
  ],
  "results": {
    ".dropbox_auth.json": [
      {
        "type": "Secret Keyword",
        "filename": ".dropbox_auth.json",
        "hashed_secret": "c34b0e61b1134594178bd6d0467b840a99ea8094",
        "is_verified": false,
        "line_number": 3
      },
      {
        "type": "Base64 High Entropy String",
        "filename": ".dropbox_auth.json",
        "hashed_secret": "ff662414c59e400ae6b80681b7669e917d44bd05",
        "is_verified": false,
        "line_number": 5
      }
    ],
    ".ruff_cache/CACHEDIR.TAG": [
      {
        "type": "Hex High Entropy String",
        "filename": ".ruff_cache/CACHEDIR.TAG",
        "hashed_secret": "e8f8c345877b2411a59897798e422b15b0c16d76",
        "is_verified": false,
        "line_number": 1
      }
    ],
    "documents/2025_Tax_Automation_Comprehensive_Guide.md": [
      {
        "type": "Secret Keyword",
        "filename": "documents/2025_Tax_Automation_Comprehensive_Guide.md",
        "hashed_secret": "ee40fb974e71178ff63c2a2cf8b3138551218032",
        "is_verified": false,
        "line_number": 376
      },
      {
        "type": "Secret Keyword",
        "filename": "documents/2025_Tax_Automation_Comprehensive_Guide.md",
        "hashed_secret": "1cf4c502ddd89b918c4bfefea76dadd590693b48",
        "is_verified": false,
        "line_number": 2110
      }
    ],
    "documents/NO_PYTHON_Tax_Automation_Guide.md": [
      {
        "type": "Secret Keyword",
        "filename": "documents/NO_PYTHON_Tax_Automation_Guide.md",
        "hashed_secret": "8650fb12541b93fd5f61b7800769c5de593265d5",
        "is_verified": false,
        "line_number": 271
      },
      {
        "type": "Secret Keyword",
        "filename": "documents/NO_PYTHON_Tax_Automation_Guide.md",
        "hashed_secret": "ef872137b574b0dd1be05f785fcc82be0252b821",
        "is_verified": false,
        "line_number": 344
      },
      {
        "type": "Secret Keyword",
        "filename": "documents/NO_PYTHON_Tax_Automation_Guide.md",
        "hashed_secret": "53dc1ebd0e194eb8a9143abe7b9ab6948035374d",
        "is_verified": false,
        "line_number": 629
      },
      {
        "type": "Secret Keyword",
        "filename": "documents/NO_PYTHON_Tax_Automation_Guide.md",
        "hashed_secret": "578685221112b7fd83f49c99936f5d718a4356e8",
        "is_verified": false,
        "line_number": 641
      },
      {
        "type": "Secret Keyword",
        "filename": "documents/NO_PYTHON_Tax_Automation_Guide.md",
        "hashed_secret": "89a6cfe2a229151e8055abee107d45ed087bbb4f",
        "is_verified": false,
        "line_number": 897
      },
      {
        "type": "Secret Keyword",
        "filename": "documents/NO_PYTHON_Tax_Automation_Guide.md",
        "hashed_secret": "41e4f51b48c4905d11965d67dcfdcef6e2ffbcbb",
        "is_verified": false,
        "line_number": 1677
      }
    ],
    "docx_env/lib/python3.14/site-packages/pip/_vendor/urllib3/util/url.py": [
      {
        "type": "Basic Auth Credentials",
        "filename": "docx_env/lib/python3.14/site-packages/pip/_vendor/urllib3/util/url.py",
        "hashed_secret": "5baa61e4c9b93f3f0682250b6cf8331b7ee68fd8",
        "is_verified": false,
        "line_number": 148
      }
    ],
    "logs/gitleaks_projectscraper.json": [
      {
        "type": "Secret Keyword",
        "filename": "logs/gitleaks_projectscraper.json",
        "hashed_secret": "03c4e5ee02feb5aaa3aa8d129f6cdbe25466611c",
        "is_verified": false,
        "line_number": 10
      },
      {
        "type": "Secret Keyword",
        "filename": "logs/gitleaks_projectscraper.json",
        "hashed_secret": "45c99adbb0eb6170612168930a03a703ae96d12c",
        "is_verified": false,
        "line_number": 30
      },
      {
        "type": "Secret Keyword",
        "filename": "logs/gitleaks_projectscraper.json",
        "hashed_secret": "1e3667aaaaa887721550cf5cc8a0c5c5760810ed",
        "is_verified": false,
        "line_number": 50
      },
      {
        "type": "Hex High Entropy String",
        "filename": "logs/gitleaks_projectscraper.json",
        "hashed_secret": "481ff2d49454d27de1a3861ee8054d6be443db61",
        "is_verified": false,
        "line_number": 70
      },
      {
        "type": "Secret Keyword",
        "filename": "logs/gitleaks_projectscraper.json",
        "hashed_secret": "481ff2d49454d27de1a3861ee8054d6be443db61",
        "is_verified": false,
        "line_number": 70
      },
      {
        "type": "Secret Keyword",
        "filename": "logs/gitleaks_projectscraper.json",
        "hashed_secret": "74f2634b193e683bd7db65231b1aaf986a801b44",
        "is_verified": false,
        "line_number": 150
      }
    ],
    "logs/gitleaks_workspace.json": [
      {
        "type": "Secret Keyword",
        "filename": "logs/gitleaks_workspace.json",
        "hashed_secret": "3eaaddaee94753da52b445c88226472ce83f81be",
        "is_verified": false,
        "line_number": 10
      },
      {
        "type": "Hex High Entropy String",
        "filename": "logs/gitleaks_workspace.json",
        "hashed_secret": "922f76dc92ab49f2de1891f1d3889aa905f940a9",
        "is_verified": false,
        "line_number": 13
      },
      {
        "type": "Base64 High Entropy String",
        "filename": "logs/gitleaks_workspace.json",
        "hashed_secret": "7f0302de1a2cdc39cd9773084acb1bbc5ffae48a",
        "is_verified": false,
        "line_number": 29
      },
      {
        "type": "Base64 High Entropy String",
        "filename": "logs/gitleaks_workspace.json",
        "hashed_secret": "b176be3d336b4361edb8bc5f284d782a24bc20aa",
        "is_verified": false,
        "line_number": 30
      },
      {
        "type": "Secret Keyword",
        "filename": "logs/gitleaks_workspace.json",
        "hashed_secret": "b176be3d336b4361edb8bc5f284d782a24bc20aa",
        "is_verified": false,
        "line_number": 30
      },
      {
        "type": "Base64 High Entropy String",
        "filename": "logs/gitleaks_workspace.json",
        "hashed_secret": "ef15f28cc51bd6c5d8a68f3f6c039a316d3e1bd8",
        "is_verified": false,
        "line_number": 49
      },
      {
        "type": "Base64 High Entropy String",
        "filename": "logs/gitleaks_workspace.json",
        "hashed_secret": "2dadf4bb63d018ae7dd6437522c8373f0de45fd4",
        "is_verified": false,
        "line_number": 50
      },
      {
        "type": "Secret Keyword",
        "filename": "logs/gitleaks_workspace.json",
        "hashed_secret": "2dadf4bb63d018ae7dd6437522c8373f0de45fd4",
        "is_verified": false,
        "line_number": 50
      },
      {
        "type": "Secret Keyword",
        "filename": "logs/gitleaks_workspace.json",
        "hashed_secret": "b6d450df35a9778e4e02f349d8b121ba40aec3a6",
        "is_verified": false,
        "line_number": 70
      },
      {
        "type": "Hex High Entropy String",
        "filename": "logs/gitleaks_workspace.json",
        "hashed_secret": "481ff2d49454d27de1a3861ee8054d6be443db61",
        "is_verified": false,
        "line_number": 90
      },
      {
        "type": "Secret Keyword",
        "filename": "logs/gitleaks_workspace.json",
        "hashed_secret": "481ff2d49454d27de1a3861ee8054d6be443db61",
        "is_verified": false,
        "line_number": 90
      }
    ],
    "memory/agent-changes-state.json": [
      {
        "type": "Hex High Entropy String",
        "filename": "memory/agent-changes-state.json",
        "hashed_secret": "9af2bb0cf386535f8d6e7eebd2226de9cb6183e5",
        "is_verified": false,
        "line_number": 2
      },
      {
        "type": "Hex High Entropy String",
        "filename": "memory/agent-changes-state.json",
        "hashed_secret": "1e16d2a61d2afe911f96f543f5bd4e7e3593e188",
        "is_verified": false,
        "line_number": 3
      },
      {
        "type": "Hex High Entropy String",
        "filename": "memory/agent-changes-state.json",
        "hashed_secret": "20aa585d99f15dfdefcadf54022dd720ccf7dec8",
        "is_verified": false,
        "line_number": 4
      },
      {
        "type": "Hex High Entropy String",
        "filename": "memory/agent-changes-state.json",
        "hashed_secret": "004a484b5ff59559ccd84a40bdad7e217c3aa0de",
        "is_verified": false,
        "line_number": 5
      },
      {
        "type": "Hex High Entropy String",
        "filename": "memory/agent-changes-state.json",
        "hashed_secret": "2c372d2e20456e070af68ca5ab335057def5585f",
        "is_verified": false,
        "line_number": 6
      },
      {
        "type": "Hex High Entropy String",
        "filename": "memory/agent-changes-state.json",
        "hashed_secret": "f9bbc15b460004051984ee407d92061bf947bff3",
        "is_verified": false,
        "line_number": 7
      },
      {
        "type": "Hex High Entropy String",
        "filename": "memory/agent-changes-state.json",
        "hashed_secret": "a7f7fc39f67fe89888e843b01488d30d43b20b03",
        "is_verified": false,
        "line_number": 8
      },
      {
        "type": "Hex High Entropy String",
        "filename": "memory/agent-changes-state.json",
        "hashed_secret": "372b12b322a732c30cfda3a24a0ca9d6d933e6b2",
        "is_verified": false,
        "line_number": 9
      },
      {
        "type": "Hex High Entropy String",
        "filename": "memory/agent-changes-state.json",
        "hashed_secret": "928b6beec52a5a59f67253b05b141a70edae7441",
        "is_verified": false,
        "line_number": 10
      },
      {
        "type": "Hex High Entropy String",
        "filename": "memory/agent-changes-state.json",
        "hashed_secret": "ac16e32a7b1c9bc7b56210e9e3d5fb477e73e5a9",
        "is_verified": false,
        "line_number": 11
      },
      {
        "type": "Hex High Entropy String",
        "filename": "memory/agent-changes-state.json",
        "hashed_secret": "cbd9b335d21bcb43702f46804715345750170a26",
        "is_verified": false,
        "line_number": 12
      },
      {
        "type": "Hex High Entropy String",
        "filename": "memory/agent-changes-state.json",
        "hashed_secret": "fa2c6833c7b86f46164e4287b66f432f5bfa3155",
        "is_verified": false,
        "line_number": 13
      },
      {
        "type": "Hex High Entropy String",
        "filename": "memory/agent-changes-state.json",
        "hashed_secret": "5a18daee1cc56e47267d17931ff3bb0f74aed34c",
        "is_verified": false,
        "line_number": 14
      },
      {
        "type": "Hex High Entropy String",
        "filename": "memory/agent-changes-state.json",
        "hashed_secret": "afc4811df45812f5dc779de8cd7e089f3aa39a48",
        "is_verified": false,
        "line_number": 15
      },
      {
        "type": "Hex High Entropy String",
        "filename": "memory/agent-changes-state.json",
        "hashed_secret": "402b720666c00552129d940297715a11c5f42f63",
        "is_verified": false,
        "line_number": 16
      },
      {
        "type": "Hex High Entropy String",
        "filename": "memory/agent-changes-state.json",
        "hashed_secret": "53f6dcccdd2b2a920e9cc2f450847e143193421f",
        "is_verified": false,
        "line_number": 17
      },
      {
        "type": "Hex High Entropy String",
        "filename": "memory/agent-changes-state.json",
        "hashed_secret": "c283148c055bcb11fab5700723b4c1e9937a318c",
        "is_verified": false,
        "line_number": 18
      },
      {
        "type": "Hex High Entropy String",
        "filename": "memory/agent-changes-state.json",
        "hashed_secret": "284f9f873f9154474c14f79ec9a9faa6da0460e7",
        "is_verified": false,
        "line_number": 19
      },
      {
        "type": "Hex High Entropy String",
        "filename": "memory/agent-changes-state.json",
        "hashed_secret": "0958118fe62b8691eb0f620e698050ed130bd85e",
        "is_verified": false,
        "line_number": 20
      },
      {
        "type": "Hex High Entropy String",
        "filename": "memory/agent-changes-state.json",
        "hashed_secret": "4b2b2f87686bdd7c90a309c8234e20202ae75a73",
        "is_verified": false,
        "line_number": 21
      },
      {
        "type": "Hex High Entropy String",
        "filename": "memory/agent-changes-state.json",
        "hashed_secret": "1d3cec12d6b0f856bf0bdd426a048b11e9e8ed32",
        "is_verified": false,
        "line_number": 22
      },
      {
        "type": "Hex High Entropy String",
        "filename": "memory/agent-changes-state.json",
        "hashed_secret": "68fd89be9335a32ebbc4b371e13c8ab4fd43b6ae",
        "is_verified": false,
        "line_number": 23
      },
      {
        "type": "Hex High Entropy String",
        "filename": "memory/agent-changes-state.json",
        "hashed_secret": "92be935db9d1fe39f4b1397165283beeac878089",
        "is_verified": false,
        "line_number": 24
      },
      {
        "type": "Hex High Entropy String",
        "filename": "memory/agent-changes-state.json",
        "hashed_secret": "96258f4ffe0e9ded24e31a5b5739f48013edb44d",
        "is_verified": false,
        "line_number": 25
      },
      {
        "type": "Hex High Entropy String",
        "filename": "memory/agent-changes-state.json",
        "hashed_secret": "58f279ef6083a4b608c5af4e2d36a28dc8685951",
        "is_verified": false,
        "line_number": 26
      },
      {
        "type": "Hex High Entropy String",
        "filename": "memory/agent-changes-state.json",
        "hashed_secret": "12ff541c22fbb2bf4c4614718baf3d969c2f01b7",
        "is_verified": false,
        "line_number": 27
      },
      {
        "type": "Hex High Entropy String",
        "filename": "memory/agent-changes-state.json",
        "hashed_secret": "1330107085f8217c7ab1bc89dd30c382f8589362",
        "is_verified": false,
        "line_number": 28
      },
      {
        "type": "Hex High Entropy String",
        "filename": "memory/agent-changes-state.json",
        "hashed_secret": "dc26fea830775ca733f4400e8eee6453905c293b",
        "is_verified": false,
        "line_number": 29
      },
      {
        "type": "Hex High Entropy String",
        "filename": "memory/agent-changes-state.json",
        "hashed_secret": "d520d4f0590cde2ad36a2f248446d21ef1e9c7e6",
        "is_verified": false,
        "line_number": 30
      },
      {
        "type": "Hex High Entropy String",
        "filename": "memory/agent-changes-state.json",
        "hashed_secret": "b7ce44505ed0aab66f32046e3a9cd47567774044",
        "is_verified": false,
        "line_number": 31
      },
      {
        "type": "Hex High Entropy String",
        "filename": "memory/agent-changes-state.json",
        "hashed_secret": "3f2cdd54a14d695339a2cccf8203a9364efbb5e9",
        "is_verified": false,
        "line_number": 32
      },
      {
        "type": "Hex High Entropy String",
        "filename": "memory/agent-changes-state.json",
        "hashed_secret": "6904478dd0240e7f438e0d29c4292a2b82e7fd14",
        "is_verified": false,
        "line_number": 33
      },
      {
        "type": "Hex High Entropy String",
        "filename": "memory/agent-changes-state.json",
        "hashed_secret": "145271e066f6baeab6d43426e7879cc4f01ef06f",
        "is_verified": false,
        "line_number": 34
      },
      {
        "type": "Hex High Entropy String",
        "filename": "memory/agent-changes-state.json",
        "hashed_secret": "fea010dfc9f57a4c8a7ef191907c07ab05ee5769",
        "is_verified": false,
        "line_number": 35
      },
      {
        "type": "Hex High Entropy String",
        "filename": "memory/agent-changes-state.json",
        "hashed_secret": "f750b27ff7df147cc250fe51940c49c8d2a63438",
        "is_verified": false,
        "line_number": 36
      },
      {
        "type": "Hex High Entropy String",
        "filename": "memory/agent-changes-state.json",
        "hashed_secret": "82aab89be3cb1ad666fec5fc5248472bb480184f",
        "is_verified": false,
        "line_number": 37
      },
      {
        "type": "Hex High Entropy String",
        "filename": "memory/agent-changes-state.json",
        "hashed_secret": "6445633876c53d35ba481513402391a626127d56",
        "is_verified": false,
        "line_number": 38
      },
      {
        "type": "Hex High Entropy String",
        "filename": "memory/agent-changes-state.json",
        "hashed_secret": "59f2f25971f14208ae4cd2dae7d41b17198d1e5b",
        "is_verified": false,
        "line_number": 39
      },
      {
        "type": "Hex High Entropy String",
        "filename": "memory/agent-changes-state.json",
        "hashed_secret": "aa4d62ccb7f311ece1df1f2a18a89e8dba80a022",
        "is_verified": false,
        "line_number": 40
      },
      {
        "type": "Hex High Entropy String",
        "filename": "memory/agent-changes-state.json",
        "hashed_secret": "c158fc352b66866e3f37997e0be1cde39864246f",
        "is_verified": false,
        "line_number": 41
      },
      {
        "type": "Hex High Entropy String",
        "filename": "memory/agent-changes-state.json",
        "hashed_secret": "770298b5ff07da2247b939c3c8657e8d871a346d",
        "is_verified": false,
        "line_number": 42
      },
      {
        "type": "Hex High Entropy String",
        "filename": "memory/agent-changes-state.json",
        "hashed_secret": "3c437cde09478bf83772455e310c2d4b01164a21",
        "is_verified": false,
        "line_number": 43
      },
      {
        "type": "Hex High Entropy String",
        "filename": "memory/agent-changes-state.json",
        "hashed_secret": "df4b87b3357890b2cd76095350eaac0f638a9931",
        "is_verified": false,
        "line_number": 44
      },
      {
        "type": "Hex High Entropy String",
        "filename": "memory/agent-changes-state.json",
        "hashed_secret": "45efbd15d6f23cd2af2835d9b6081e1e7eb65ae1",
        "is_verified": false,
        "line_number": 45
      }
    ],
    "memory/clawdbot-data-doc-hash.md": [
      {
        "type": "Hex High Entropy String",
        "filename": "memory/clawdbot-data-doc-hash.md",
        "hashed_secret": "5ee6ac210f85707b228d2b05c011e375f4efb1fa",
        "is_verified": false,
        "line_number": 2
      }
    ],
    "plans/contract-analyzer-deployment-steps.md": [
      {
        "type": "Secret Keyword",
        "filename": "plans/contract-analyzer-deployment-steps.md",
        "hashed_secret": "0488b1e77b437df2e7bc369841f39eab010798a7",
        "is_verified": false,
        "line_number": 557
      },
      {
        "type": "Secret Keyword",
        "filename": "plans/contract-analyzer-deployment-steps.md",
        "hashed_secret": "7b7392652c1cf2bd1de3c72393a746ed942b2b16",
        "is_verified": false,
        "line_number": 560
      },
      {
        "type": "Secret Keyword",
        "filename": "plans/contract-analyzer-deployment-steps.md",
        "hashed_secret": "0e93ac80e7436a916f8670f976a0e1477cc929b9",
        "is_verified": false,
        "line_number": 619
      },
      {
        "type": "Basic Auth Credentials",
        "filename": "plans/contract-analyzer-deployment-steps.md",
        "hashed_secret": "9d4e1e23bd5b727046a9e3b4b7db57bd8d6ee684",
        "is_verified": false,
        "line_number": 1099
      },
      {
        "type": "Basic Auth Credentials",
        "filename": "plans/contract-analyzer-deployment-steps.md",
        "hashed_secret": "5baa61e4c9b93f3f0682250b6cf8331b7ee68fd8",
        "is_verified": false,
        "line_number": 1103
      }
    ],
    "plans/github-public-repo-security.md": [
      {
        "type": "Secret Keyword",
        "filename": "plans/github-public-repo-security.md",
        "hashed_secret": "7995bf81a0fb977f01acd47cde16ef451293903a",
        "is_verified": false,
        "line_number": 14
      }
    ],
    "plans/llamaparse-llamaindex-contract-analyzer.md": [
      {
        "type": "Secret Keyword",
        "filename": "plans/llamaparse-llamaindex-contract-analyzer.md",
        "hashed_secret": "ccf541bde60dc7d22b86d847c48f6478633d0636",
        "is_verified": false,
        "line_number": 88
      }
    ],
    "plans/planner-gpt54-upgrade.md": [
      {
        "type": "Secret Keyword",
        "filename": "plans/planner-gpt54-upgrade.md",
        "hashed_secret": "ec3810e10fb78db55ce38b9c18d1c3eb1db739e0",
        "is_verified": false,
        "line_number": 32
      }
    ],
    "plans/yacht-manager-plan.md": [
      {
        "type": "Basic Auth Credentials",
        "filename": "plans/yacht-manager-plan.md",
        "hashed_secret": "56eb3a3ec734e5a66d4f1746ef58961d266fdabe",
        "is_verified": false,
        "line_number": 972
      }
    ],
    "scripts/legacy/add-tax-email-1.sh": [
      {
        "type": "Base64 High Entropy String",
        "filename": "scripts/legacy/add-tax-email-1.sh",
        "hashed_secret": "bb336461481a6b6046dcc02472eddc2e67089214",
        "is_verified": false,
        "line_number": 5
      }
    ],
    "scripts/legacy/add-tax-emails.sh": [
      {
        "type": "Base64 High Entropy String",
        "filename": "scripts/legacy/add-tax-emails.sh",
        "hashed_secret": "bb336461481a6b6046dcc02472eddc2e67089214",
        "is_verified": false,
        "line_number": 8
      }
    ],
    "scripts/legacy/add_rows_batch.sh": [
      {
        "type": "Base64 High Entropy String",
        "filename": "scripts/legacy/add_rows_batch.sh",
        "hashed_secret": "bb336461481a6b6046dcc02472eddc2e67089214",
        "is_verified": false,
        "line_number": 45
      }
    ],
    "scripts/legacy/build_complete_guide.py": [
      {
        "type": "Secret Keyword",
        "filename": "scripts/legacy/build_complete_guide.py",
        "hashed_secret": "f0f7aa8f21069e8299bbc9950fc36a028e49f32f",
        "is_verified": false,
        "line_number": 534
      }
    ],
    "scripts/legacy/check-recent-tax-emails.py": [
      {
        "type": "Secret Keyword",
        "filename": "scripts/legacy/check-recent-tax-emails.py",
        "hashed_secret": "7995bf81a0fb977f01acd47cde16ef451293903a",
        "is_verified": false,
        "line_number": 12
      }
    ],
    "scripts/legacy/check-tax-emails-v2.py": [
      {
        "type": "Secret Keyword",
        "filename": "scripts/legacy/check-tax-emails-v2.py",
        "hashed_secret": "7995bf81a0fb977f01acd47cde16ef451293903a",
        "is_verified": false,
        "line_number": 13
      }
    ],
    "scripts/legacy/check-tax-emails-weekly.py": [
      {
        "type": "Secret Keyword",
        "filename": "scripts/legacy/check-tax-emails-weekly.py",
        "hashed_secret": "7995bf81a0fb977f01acd47cde16ef451293903a",
        "is_verified": false,
        "line_number": 12
      }
    ],
    "scripts/legacy/check-tax-emails.py": [
      {
        "type": "Secret Keyword",
        "filename": "scripts/legacy/check-tax-emails.py",
        "hashed_secret": "7995bf81a0fb977f01acd47cde16ef451293903a",
        "is_verified": false,
        "line_number": 13
      }
    ],
    "scripts/legacy/download_narr.py": [
      {
        "type": "Secret Keyword",
        "filename": "scripts/legacy/download_narr.py",
        "hashed_secret": "7995bf81a0fb977f01acd47cde16ef451293903a",
        "is_verified": false,
        "line_number": 9
      }
    ],
    "scripts/legacy/email_tax_doc.py": [
      {
        "type": "Secret Keyword",
        "filename": "scripts/legacy/email_tax_doc.py",
        "hashed_secret": "7995bf81a0fb977f01acd47cde16ef451293903a",
        "is_verified": false,
        "line_number": 13
      }
    ],
    "scripts/legacy/extract_trip_details.py": [
      {
        "type": "Secret Keyword",
        "filename": "scripts/legacy/extract_trip_details.py",
        "hashed_secret": "7995bf81a0fb977f01acd47cde16ef451293903a",
        "is_verified": false,
        "line_number": 12
      }
    ],
    "scripts/legacy/fetch-attachment.py": [
      {
        "type": "Secret Keyword",
        "filename": "scripts/legacy/fetch-attachment.py",
        "hashed_secret": "7995bf81a0fb977f01acd47cde16ef451293903a",
        "is_verified": false,
        "line_number": 14
      }
    ],
    "scripts/legacy/find_noah_email.py": [
      {
        "type": "Secret Keyword",
        "filename": "scripts/legacy/find_noah_email.py",
        "hashed_secret": "7995bf81a0fb977f01acd47cde16ef451293903a",
        "is_verified": false,
        "line_number": 11
      }
    ],
    "scripts/legacy/gmail_search.py": [
      {
        "type": "Secret Keyword",
        "filename": "scripts/legacy/gmail_search.py",
        "hashed_secret": "7995bf81a0fb977f01acd47cde16ef451293903a",
        "is_verified": false,
        "line_number": 10
      }
    ],
    "scripts/legacy/gmail_search_all_folders.py": [
      {
        "type": "Secret Keyword",
        "filename": "scripts/legacy/gmail_search_all_folders.py",
        "hashed_secret": "7995bf81a0fb977f01acd47cde16ef451293903a",
        "is_verified": false,
        "line_number": 10
      }
    ],
    "scripts/legacy/gmail_search_broad.py": [
      {
        "type": "Secret Keyword",
        "filename": "scripts/legacy/gmail_search_broad.py",
        "hashed_secret": "7995bf81a0fb977f01acd47cde16ef451293903a",
        "is_verified": false,
        "line_number": 10
      }
    ],
    "scripts/legacy/gmail_search_week.py": [
      {
        "type": "Secret Keyword",
        "filename": "scripts/legacy/gmail_search_week.py",
        "hashed_secret": "7995bf81a0fb977f01acd47cde16ef451293903a",
        "is_verified": false,
        "line_number": 10
      }
    ],
    "scripts/legacy/godaddy-cli.py": [
      {
        "type": "Base64 High Entropy String",
        "filename": "scripts/legacy/godaddy-cli.py",
        "hashed_secret": "2dadf4bb63d018ae7dd6437522c8373f0de45fd4",
        "is_verified": false,
        "line_number": 16
      },
      {
        "type": "Secret Keyword",
        "filename": "scripts/legacy/godaddy-cli.py",
        "hashed_secret": "2dadf4bb63d018ae7dd6437522c8373f0de45fd4",
        "is_verified": false,
        "line_number": 16
      },
      {
        "type": "Secret Keyword",
        "filename": "scripts/legacy/godaddy-cli.py",
        "hashed_secret": "b6d450df35a9778e4e02f349d8b121ba40aec3a6",
        "is_verified": false,
        "line_number": 17
      }
    ],
    "scripts/legacy/scan-tax-emails.py": [
      {
        "type": "Secret Keyword",
        "filename": "scripts/legacy/scan-tax-emails.py",
        "hashed_secret": "7995bf81a0fb977f01acd47cde16ef451293903a",
        "is_verified": false,
        "line_number": 12
      }
    ],
    "scripts/legacy/search_noah_emails.py": [
      {
        "type": "Secret Keyword",
        "filename": "scripts/legacy/search_noah_emails.py",
        "hashed_secret": "7995bf81a0fb977f01acd47cde16ef451293903a",
        "is_verified": false,
        "line_number": 12
      }
    ],
    "scripts/legacy/search_tax_emails_2025.py": [
      {
        "type": "Secret Keyword",
        "filename": "scripts/legacy/search_tax_emails_2025.py",
        "hashed_secret": "7995bf81a0fb977f01acd47cde16ef451293903a",
        "is_verified": false,
        "line_number": 15
      }
    ],
    "scripts/legacy/search_trip_emails.py": [
      {
        "type": "Secret Keyword",
        "filename": "scripts/legacy/search_trip_emails.py",
        "hashed_secret": "7995bf81a0fb977f01acd47cde16ef451293903a",
        "is_verified": false,
        "line_number": 13
      }
    ],
    "scripts/legacy/send-email-multiple-attachments.py": [
      {
        "type": "Secret Keyword",
        "filename": "scripts/legacy/send-email-multiple-attachments.py",
        "hashed_secret": "7995bf81a0fb977f01acd47cde16ef451293903a",
        "is_verified": false,
        "line_number": 28
      }
    ],
    "scripts/legacy/send-email-with-attachment.py": [
      {
        "type": "Secret Keyword",
        "filename": "scripts/legacy/send-email-with-attachment.py",
        "hashed_secret": "7995bf81a0fb977f01acd47cde16ef451293903a",
        "is_verified": false,
        "line_number": 17
      }
    ],
    "scripts/legacy/send_redlined_email.py": [
      {
        "type": "Secret Keyword",
        "filename": "scripts/legacy/send_redlined_email.py",
        "hashed_secret": "7995bf81a0fb977f01acd47cde16ef451293903a",
        "is_verified": false,
        "line_number": 12
      }
    ],
    "scripts/legacy/tax-email-scan.py": [
      {
        "type": "Secret Keyword",
        "filename": "scripts/legacy/tax-email-scan.py",
        "hashed_secret": "7995bf81a0fb977f01acd47cde16ef451293903a",
        "is_verified": false,
        "line_number": 12
      }
    ],
    "scripts/legacy/tax_email_scan.py": [
      {
        "type": "Secret Keyword",
        "filename": "scripts/legacy/tax_email_scan.py",
        "hashed_secret": "7995bf81a0fb977f01acd47cde16ef451293903a",
        "is_verified": false,
        "line_number": 13
      }
    ],
    "scripts/legacy/tax_email_search.py": [
      {
        "type": "Secret Keyword",
        "filename": "scripts/legacy/tax_email_search.py",
        "hashed_secret": "7995bf81a0fb977f01acd47cde16ef451293903a",
        "is_verified": false,
        "line_number": 16
      }
    ],
    "scripts/legacy/test-twilio-sms.py": [
      {
        "type": "Hex High Entropy String",
        "filename": "scripts/legacy/test-twilio-sms.py",
        "hashed_secret": "f2f0a2fe918f702c4b4270ba04758c1cb64c68c4",
        "is_verified": false,
        "line_number": 7
      },
      {
        "type": "Twilio API Key",
        "filename": "scripts/legacy/test-twilio-sms.py",
        "hashed_secret": "f2f0a2fe918f702c4b4270ba04758c1cb64c68c4",
        "is_verified": false,
        "line_number": 7
      },
      {
        "type": "Hex High Entropy String",
        "filename": "scripts/legacy/test-twilio-sms.py",
        "hashed_secret": "481ff2d49454d27de1a3861ee8054d6be443db61",
        "is_verified": false,
        "line_number": 8
      }
    ],
    "sheet_env/lib/python3.14/site-packages/cryptography/hazmat/_oid.py": [
      {
        "type": "Secret Keyword",
        "filename": "sheet_env/lib/python3.14/site-packages/cryptography/hazmat/_oid.py",
        "hashed_secret": "afe3ee1ae892f455f2fd42038bce7e207e215987",
        "is_verified": false,
        "line_number": 317
      },
      {
        "type": "Secret Keyword",
        "filename": "sheet_env/lib/python3.14/site-packages/cryptography/hazmat/_oid.py",
        "hashed_secret": "77ed6e40696bbda8ca7f73fa3e77e8ad45f79c38",
        "is_verified": false,
        "line_number": 355
      }
    ],
    "sheet_env/lib/python3.14/site-packages/cryptography/hazmat/primitives/serialization/ssh.py": [
      {
        "type": "Private Key",
        "filename": "sheet_env/lib/python3.14/site-packages/cryptography/hazmat/primitives/serialization/ssh.py",
        "hashed_secret": "27c6929aef41ae2bcadac15ca6abcaff72cda9cd",
        "is_verified": false,
        "line_number": 78
      }
    ],
    "sheet_env/lib/python3.14/site-packages/google/auth/crypt/_python_rsa.py": [
      {
        "type": "Private Key",
        "filename": "sheet_env/lib/python3.14/site-packages/google/auth/crypt/_python_rsa.py",
        "hashed_secret": "be4fc4886bd949b369d5e092eb87494f12e57e5b",
        "is_verified": false,
        "line_number": 39
      },
      {
        "type": "Private Key",
        "filename": "sheet_env/lib/python3.14/site-packages/google/auth/crypt/_python_rsa.py",
        "hashed_secret": "1348b145fa1a555461c1b790a2f66614781091e9",
        "is_verified": false,
        "line_number": 40
      }
    ],
    "sheet_env/lib/python3.14/site-packages/google/auth/crypt/base.py": [
      {
        "type": "Secret Keyword",
        "filename": "sheet_env/lib/python3.14/site-packages/google/auth/crypt/base.py",
        "hashed_secret": "26eae588d0859648be8edcf9cd2cf19bbdfacd43",
        "is_verified": false,
        "line_number": 23
      }
    ],
    "sheet_env/lib/python3.14/site-packages/google/auth/environment_vars.py": [
      {
        "type": "Secret Keyword",
        "filename": "sheet_env/lib/python3.14/site-packages/google/auth/environment_vars.py",
        "hashed_secret": "8956265d216d474a080edaa97880d37fc1386f33",
        "is_verified": false,
        "line_number": 103
      }
    ],
    "sheet_env/lib/python3.14/site-packages/google/auth/external_account_authorized_user.py": [
      {
        "type": "Secret Keyword",
        "filename": "sheet_env/lib/python3.14/site-packages/google/auth/external_account_authorized_user.py",
        "hashed_secret": "9b8b876c2782fa992fab14095267bb8757b9fabc",
        "is_verified": false,
        "line_number": 32
      }
    ],
    "sheet_env/lib/python3.14/site-packages/google/auth/transport/_mtls_helper.py": [
      {
        "type": "Private Key",
        "filename": "sheet_env/lib/python3.14/site-packages/google/auth/transport/_mtls_helper.py",
        "hashed_secret": "1348b145fa1a555461c1b790a2f66614781091e9",
        "is_verified": false,
        "line_number": 35
      },
      {
        "type": "Private Key",
        "filename": "sheet_env/lib/python3.14/site-packages/google/auth/transport/_mtls_helper.py",
        "hashed_secret": "f0778f3e140a61d5bbbed5430773e52af2f5fba4",
        "is_verified": false,
        "line_number": 36
      },
      {
        "type": "Private Key",
        "filename": "sheet_env/lib/python3.14/site-packages/google/auth/transport/_mtls_helper.py",
        "hashed_secret": "be4fc4886bd949b369d5e092eb87494f12e57e5b",
        "is_verified": false,
        "line_number": 37
      }
    ],
    "sheet_env/lib/python3.14/site-packages/google/oauth2/gdch_credentials.py": [
      {
        "type": "Private Key",
        "filename": "sheet_env/lib/python3.14/site-packages/google/oauth2/gdch_credentials.py",
        "hashed_secret": "f0778f3e140a61d5bbbed5430773e52af2f5fba4",
        "is_verified": false,
        "line_number": 50
      }
    ],
    "sheet_env/lib/python3.14/site-packages/google_auth_oauthlib/interactive.py": [
      {
        "type": "Secret Keyword",
        "filename": "sheet_env/lib/python3.14/site-packages/google_auth_oauthlib/interactive.py",
        "hashed_secret": "ab5c76be797f257c9ccac344e8f0f2af6634bd85",
        "is_verified": false,
        "line_number": 133
      }
    ],
    "sheet_env/lib/python3.14/site-packages/gspread/client.py": [
      {
        "type": "Base64 High Entropy String",
        "filename": "sheet_env/lib/python3.14/site-packages/gspread/client.py",
        "hashed_secret": "cbec2c00520cf80a935a0c10955ded42ef88bf8a",
        "is_verified": false,
        "line_number": 165
      }
    ],
    "sheet_env/lib/python3.14/site-packages/oauthlib/oauth2/rfc6749/clients/legacy_application.py": [
      {
        "type": "Secret Keyword",
        "filename": "sheet_env/lib/python3.14/site-packages/oauthlib/oauth2/rfc6749/clients/legacy_application.py",
        "hashed_secret": "62cdb7020ff920e5aa642c3d4066950dd1f01f4d",
        "is_verified": false,
        "line_number": 73
      }
    ],
    "sheet_env/lib/python3.14/site-packages/oauthlib/oauth2/rfc6749/tokens.py": [
      {
        "type": "Base64 High Entropy String",
        "filename": "sheet_env/lib/python3.14/site-packages/oauthlib/oauth2/rfc6749/tokens.py",
        "hashed_secret": "8a22d61d423d289161ba0da2ccc00b3d30ebf03d",
        "is_verified": false,
        "line_number": 89
      }
    ],
    "sheet_env/lib/python3.14/site-packages/oauthlib/oauth2/rfc8628/endpoints/device_authorization.py": [
      {
        "type": "Base64 High Entropy String",
        "filename": "sheet_env/lib/python3.14/site-packages/oauthlib/oauth2/rfc8628/endpoints/device_authorization.py",
        "hashed_secret": "fa388a28f84921ab0d66b0064e4aef3b66aaefed",
        "is_verified": false,
        "line_number": 201
      }
    ],
    "sheet_env/lib/python3.14/site-packages/pip/_vendor/urllib3/util/url.py": [
      {
        "type": "Basic Auth Credentials",
        "filename": "sheet_env/lib/python3.14/site-packages/pip/_vendor/urllib3/util/url.py",
        "hashed_secret": "5baa61e4c9b93f3f0682250b6cf8331b7ee68fd8",
        "is_verified": false,
        "line_number": 148
      }
    ],
    "sheet_env/lib/python3.14/site-packages/requests_oauthlib-2.0.0.dist-info/METADATA": [
      {
        "type": "Secret Keyword",
        "filename": "sheet_env/lib/python3.14/site-packages/requests_oauthlib-2.0.0.dist-info/METADATA",
        "hashed_secret": "8318df9ecda039deac9868adf1944a29a95c7114",
        "is_verified": false,
        "line_number": 51
      },
      {
        "type": "Secret Keyword",
        "filename": "sheet_env/lib/python3.14/site-packages/requests_oauthlib-2.0.0.dist-info/METADATA",
        "hashed_secret": "67343ace2afc19b21ba37f204fa3eb639c32e9e9",
        "is_verified": false,
        "line_number": 53
      }
    ],
    "sheet_env/lib/python3.14/site-packages/requests_oauthlib/oauth1_session.py": [
      {
        "type": "Secret Keyword",
        "filename": "sheet_env/lib/python3.14/site-packages/requests_oauthlib/oauth1_session.py",
        "hashed_secret": "6a908639e438dfd5b5c1990dab9455bb554a557c",
        "is_verified": false,
        "line_number": 60
      },
      {
        "type": "Secret Keyword",
        "filename": "sheet_env/lib/python3.14/site-packages/requests_oauthlib/oauth1_session.py",
        "hashed_secret": "e5e9fa1ba31ecd1ae84f75caaa474f3a663f05f4",
        "is_verified": false,
        "line_number": 61
      },
      {
        "type": "Secret Keyword",
        "filename": "sheet_env/lib/python3.14/site-packages/requests_oauthlib/oauth1_session.py",
        "hashed_secret": "2f1c8a1041c56b173b739e28b8fb488a79e06070",
        "is_verified": false,
        "line_number": 75
      },
      {
        "type": "Secret Keyword",
        "filename": "sheet_env/lib/python3.14/site-packages/requests_oauthlib/oauth1_session.py",
        "hashed_secret": "4402ed118495be83b351531ff13f4872e547fd75",
        "is_verified": false,
        "line_number": 93
      }
    ],
    "sheet_env/lib/python3.14/site-packages/rsa/key.py": [
      {
        "type": "Private Key",
        "filename": "sheet_env/lib/python3.14/site-packages/rsa/key.py",
        "hashed_secret": "be4fc4886bd949b369d5e092eb87494f12e57e5b",
        "is_verified": false,
        "line_number": 603
      }
    ],
    "sheet_env/lib/python3.14/site-packages/rsa/pem.py": [
      {
        "type": "Private Key",
        "filename": "sheet_env/lib/python3.14/site-packages/rsa/pem.py",
        "hashed_secret": "be4fc4886bd949b369d5e092eb87494f12e57e5b",
        "is_verified": false,
        "line_number": 88
      }
    ],
    "sheet_env/lib/python3.14/site-packages/urllib3/util/url.py": [
      {
        "type": "Basic Auth Credentials",
        "filename": "sheet_env/lib/python3.14/site-packages/urllib3/util/url.py",
        "hashed_secret": "5baa61e4c9b93f3f0682250b6cf8331b7ee68fd8",
        "is_verified": false,
        "line_number": 186
      }
    ],
    "skills/railway-deployment/SKILL.md": [
      {
        "type": "Basic Auth Credentials",
        "filename": "skills/railway-deployment/SKILL.md",
        "hashed_secret": "9d4e1e23bd5b727046a9e3b4b7db57bd8d6ee684",
        "is_verified": false,
        "line_number": 266
      }
    ],
    "skills/railway-deployment/TEMPLATE.md": [
      {
        "type": "Basic Auth Credentials",
        "filename": "skills/railway-deployment/TEMPLATE.md",
        "hashed_secret": "9d4e1e23bd5b727046a9e3b4b7db57bd8d6ee684",
        "is_verified": false,
        "line_number": 145
      }
    ],
    "venv_tax/lib/python3.14/site-packages/pip/_vendor/urllib3/util/url.py": [
      {
        "type": "Basic Auth Credentials",
        "filename": "venv_tax/lib/python3.14/site-packages/pip/_vendor/urllib3/util/url.py",
        "hashed_secret": "5baa61e4c9b93f3f0682250b6cf8331b7ee68fd8",
        "is_verified": false,
        "line_number": 148
      }
    ]
  },
  "generated_at": "2026-04-10T07:38:02Z"
}
