{
  "version": "1.5.0",
  "plugins_used": [
    {
      "name": "ArtifactoryDetector"
    },
    {
      "name": "AWSKeyDetector"
    },
    {
      "name": "AzureStorageKeyDetector"
    },
    {
      "name": "Base64HighEntropyString",
      "limit": 4.5
    },
    {
      "name": "BasicAuthDetector"
    },
    {
      "name": "CloudantDetector"
    },
    {
      "name": "DiscordBotTokenDetector"
    },
    {
      "name": "GitHubTokenDetector"
    },
    {
      "name": "GitLabTokenDetector"
    },
    {
      "name": "HexHighEntropyString",
      "limit": 3.0
    },
    {
      "name": "IbmCloudIamDetector"
    },
    {
      "name": "IbmCosHmacDetector"
    },
    {
      "name": "IPPublicDetector"
    },
    {
      "name": "JwtTokenDetector"
    },
    {
      "name": "KeywordDetector",
      "keyword_exclude": ""
    },
    {
      "name": "MailchimpDetector"
    },
    {
      "name": "NpmDetector"
    },
    {
      "name": "OpenAIDetector"
    },
    {
      "name": "PrivateKeyDetector"
    },
    {
      "name": "PypiTokenDetector"
    },
    {
      "name": "SendGridDetector"
    },
    {
      "name": "SlackDetector"
    },
    {
      "name": "SoftlayerDetector"
    },
    {
      "name": "SquareOAuthDetector"
    },
    {
      "name": "StripeDetector"
    },
    {
      "name": "TelegramBotTokenDetector"
    },
    {
      "name": "TwilioKeyDetector"
    }
  ],
  "filters_used": [
    {
      "path": "detect_secrets.filters.allowlist.is_line_allowlisted"
    },
    {
      "path": "detect_secrets.filters.common.is_ignored_due_to_verification_policies",
      "min_level": 2
    },
    {
      "path": "detect_secrets.filters.heuristic.is_indirect_reference"
    },
    {
      "path": "detect_secrets.filters.heuristic.is_likely_id_string"
    },
    {
      "path": "detect_secrets.filters.heuristic.is_lock_file"
    },
    {
      "path": "detect_secrets.filters.heuristic.is_not_alphanumeric_string"
    },
    {
      "path": "detect_secrets.filters.heuristic.is_potential_uuid"
    },
    {
      "path": "detect_secrets.filters.heuristic.is_prefixed_with_dollar_sign"
    },
    {
      "path": "detect_secrets.filters.heuristic.is_sequential_string"
    },
    {
      "path": "detect_secrets.filters.heuristic.is_swagger_file"
    },
    {
      "path": "detect_secrets.filters.heuristic.is_templated_secret"
    }
  ],
  "results": {
    "2025_Tax_Automation_Comprehensive_Guide.md": [
      {
        "type": "Secret Keyword",
        "filename": "2025_Tax_Automation_Comprehensive_Guide.md",
        "hashed_secret": "ee40fb974e71178ff63c2a2cf8b3138551218032",
        "is_verified": false,
        "line_number": 376
      },
      {
        "type": "Secret Keyword",
        "filename": "2025_Tax_Automation_Comprehensive_Guide.md",
        "hashed_secret": "1cf4c502ddd89b918c4bfefea76dadd590693b48",
        "is_verified": false,
        "line_number": 2110
      }
    ],
    "NO_PYTHON_Tax_Automation_Guide.md": [
      {
        "type": "Secret Keyword",
        "filename": "NO_PYTHON_Tax_Automation_Guide.md",
        "hashed_secret": "8650fb12541b93fd5f61b7800769c5de593265d5",
        "is_verified": false,
        "line_number": 271
      },
      {
        "type": "Secret Keyword",
        "filename": "NO_PYTHON_Tax_Automation_Guide.md",
        "hashed_secret": "ef872137b574b0dd1be05f785fcc82be0252b821",
        "is_verified": false,
        "line_number": 344
      },
      {
        "type": "Secret Keyword",
        "filename": "NO_PYTHON_Tax_Automation_Guide.md",
        "hashed_secret": "53dc1ebd0e194eb8a9143abe7b9ab6948035374d",
        "is_verified": false,
        "line_number": 629
      },
      {
        "type": "Secret Keyword",
        "filename": "NO_PYTHON_Tax_Automation_Guide.md",
        "hashed_secret": "578685221112b7fd83f49c99936f5d718a4356e8",
        "is_verified": false,
        "line_number": 641
      },
      {
        "type": "Secret Keyword",
        "filename": "NO_PYTHON_Tax_Automation_Guide.md",
        "hashed_secret": "89a6cfe2a229151e8055abee107d45ed087bbb4f",
        "is_verified": false,
        "line_number": 897
      },
      {
        "type": "Secret Keyword",
        "filename": "NO_PYTHON_Tax_Automation_Guide.md",
        "hashed_secret": "41e4f51b48c4905d11965d67dcfdcef6e2ffbcbb",
        "is_verified": false,
        "line_number": 1677
      }
    ],
    "Tokens.txt": [
      {
        "type": "GitHub Token",
        "filename": "Tokens.txt",
        "hashed_secret": "e175c6f5f2a92e8623bd9a4820edb4e8c1b0fd10",
        "is_verified": false,
        "line_number": 22
      },
      {
        "type": "Twilio API Key",
        "filename": "Tokens.txt",
        "hashed_secret": "f2f0a2fe918f702c4b4270ba04758c1cb64c68c4",
        "is_verified": false,
        "line_number": 193
      }
    ],
    "add-tax-email-1.sh": [
      {
        "type": "Base64 High Entropy String",
        "filename": "add-tax-email-1.sh",
        "hashed_secret": "bb336461481a6b6046dcc02472eddc2e67089214",
        "is_verified": false,
        "line_number": 5
      }
    ],
    "add-tax-emails.sh": [
      {
        "type": "Base64 High Entropy String",
        "filename": "add-tax-emails.sh",
        "hashed_secret": "bb336461481a6b6046dcc02472eddc2e67089214",
        "is_verified": false,
        "line_number": 8
      }
    ],
    "add_rows_batch.sh": [
      {
        "type": "Base64 High Entropy String",
        "filename": "add_rows_batch.sh",
        "hashed_secret": "bb336461481a6b6046dcc02472eddc2e67089214",
        "is_verified": false,
        "line_number": 45
      }
    ],
    "build_complete_guide.py": [
      {
        "type": "Secret Keyword",
        "filename": "build_complete_guide.py",
        "hashed_secret": "f0f7aa8f21069e8299bbc9950fc36a028e49f32f",
        "is_verified": false,
        "line_number": 534
      }
    ],
    "check-recent-tax-emails.py": [
      {
        "type": "Secret Keyword",
        "filename": "check-recent-tax-emails.py",
        "hashed_secret": "7995bf81a0fb977f01acd47cde16ef451293903a",
        "is_verified": false,
        "line_number": 12
      }
    ],
    "check-tax-emails-v2.py": [
      {
        "type": "Secret Keyword",
        "filename": "check-tax-emails-v2.py",
        "hashed_secret": "7995bf81a0fb977f01acd47cde16ef451293903a",
        "is_verified": false,
        "line_number": 13
      }
    ],
    "check-tax-emails-weekly.py": [
      {
        "type": "Secret Keyword",
        "filename": "check-tax-emails-weekly.py",
        "hashed_secret": "7995bf81a0fb977f01acd47cde16ef451293903a",
        "is_verified": false,
        "line_number": 12
      }
    ],
    "check-tax-emails.py": [
      {
        "type": "Secret Keyword",
        "filename": "check-tax-emails.py",
        "hashed_secret": "7995bf81a0fb977f01acd47cde16ef451293903a",
        "is_verified": false,
        "line_number": 13
      }
    ],
    "download_narr.py": [
      {
        "type": "Secret Keyword",
        "filename": "download_narr.py",
        "hashed_secret": "7995bf81a0fb977f01acd47cde16ef451293903a",
        "is_verified": false,
        "line_number": 9
      }
    ],
    "email_tax_doc.py": [
      {
        "type": "Secret Keyword",
        "filename": "email_tax_doc.py",
        "hashed_secret": "7995bf81a0fb977f01acd47cde16ef451293903a",
        "is_verified": false,
        "line_number": 13
      }
    ],
    "extract_trip_details.py": [
      {
        "type": "Secret Keyword",
        "filename": "extract_trip_details.py",
        "hashed_secret": "7995bf81a0fb977f01acd47cde16ef451293903a",
        "is_verified": false,
        "line_number": 12
      }
    ],
    "fetch-attachment.py": [
      {
        "type": "Secret Keyword",
        "filename": "fetch-attachment.py",
        "hashed_secret": "7995bf81a0fb977f01acd47cde16ef451293903a",
        "is_verified": false,
        "line_number": 14
      }
    ],
    "find_noah_email.py": [
      {
        "type": "Secret Keyword",
        "filename": "find_noah_email.py",
        "hashed_secret": "7995bf81a0fb977f01acd47cde16ef451293903a",
        "is_verified": false,
        "line_number": 11
      }
    ],
    "gmail_search.py": [
      {
        "type": "Secret Keyword",
        "filename": "gmail_search.py",
        "hashed_secret": "7995bf81a0fb977f01acd47cde16ef451293903a",
        "is_verified": false,
        "line_number": 10
      }
    ],
    "gmail_search_all_folders.py": [
      {
        "type": "Secret Keyword",
        "filename": "gmail_search_all_folders.py",
        "hashed_secret": "7995bf81a0fb977f01acd47cde16ef451293903a",
        "is_verified": false,
        "line_number": 10
      }
    ],
    "gmail_search_broad.py": [
      {
        "type": "Secret Keyword",
        "filename": "gmail_search_broad.py",
        "hashed_secret": "7995bf81a0fb977f01acd47cde16ef451293903a",
        "is_verified": false,
        "line_number": 10
      }
    ],
    "gmail_search_week.py": [
      {
        "type": "Secret Keyword",
        "filename": "gmail_search_week.py",
        "hashed_secret": "7995bf81a0fb977f01acd47cde16ef451293903a",
        "is_verified": false,
        "line_number": 10
      }
    ],
    "godaddy-cli.py": [
      {
        "type": "Base64 High Entropy String",
        "filename": "godaddy-cli.py",
        "hashed_secret": "2dadf4bb63d018ae7dd6437522c8373f0de45fd4",
        "is_verified": false,
        "line_number": 16
      },
      {
        "type": "Secret Keyword",
        "filename": "godaddy-cli.py",
        "hashed_secret": "2dadf4bb63d018ae7dd6437522c8373f0de45fd4",
        "is_verified": false,
        "line_number": 16
      },
      {
        "type": "Secret Keyword",
        "filename": "godaddy-cli.py",
        "hashed_secret": "b6d450df35a9778e4e02f349d8b121ba40aec3a6",
        "is_verified": false,
        "line_number": 17
      }
    ],
    "logs/gitleaks_projectscraper.json": [
      {
        "type": "Secret Keyword",
        "filename": "logs/gitleaks_projectscraper.json",
        "hashed_secret": "03c4e5ee02feb5aaa3aa8d129f6cdbe25466611c",
        "is_verified": false,
        "line_number": 10
      },
      {
        "type": "Secret Keyword",
        "filename": "logs/gitleaks_projectscraper.json",
        "hashed_secret": "45c99adbb0eb6170612168930a03a703ae96d12c",
        "is_verified": false,
        "line_number": 30
      },
      {
        "type": "Secret Keyword",
        "filename": "logs/gitleaks_projectscraper.json",
        "hashed_secret": "1e3667aaaaa887721550cf5cc8a0c5c5760810ed",
        "is_verified": false,
        "line_number": 50
      },
      {
        "type": "Hex High Entropy String",
        "filename": "logs/gitleaks_projectscraper.json",
        "hashed_secret": "481ff2d49454d27de1a3861ee8054d6be443db61",
        "is_verified": false,
        "line_number": 70
      },
      {
        "type": "Secret Keyword",
        "filename": "logs/gitleaks_projectscraper.json",
        "hashed_secret": "481ff2d49454d27de1a3861ee8054d6be443db61",
        "is_verified": false,
        "line_number": 70
      },
      {
        "type": "Secret Keyword",
        "filename": "logs/gitleaks_projectscraper.json",
        "hashed_secret": "74f2634b193e683bd7db65231b1aaf986a801b44",
        "is_verified": false,
        "line_number": 150
      }
    ],
    "logs/gitleaks_workspace.json": [
      {
        "type": "Secret Keyword",
        "filename": "logs/gitleaks_workspace.json",
        "hashed_secret": "3eaaddaee94753da52b445c88226472ce83f81be",
        "is_verified": false,
        "line_number": 10
      },
      {
        "type": "Hex High Entropy String",
        "filename": "logs/gitleaks_workspace.json",
        "hashed_secret": "922f76dc92ab49f2de1891f1d3889aa905f940a9",
        "is_verified": false,
        "line_number": 13
      },
      {
        "type": "Base64 High Entropy String",
        "filename": "logs/gitleaks_workspace.json",
        "hashed_secret": "7f0302de1a2cdc39cd9773084acb1bbc5ffae48a",
        "is_verified": false,
        "line_number": 29
      },
      {
        "type": "Base64 High Entropy String",
        "filename": "logs/gitleaks_workspace.json",
        "hashed_secret": "b176be3d336b4361edb8bc5f284d782a24bc20aa",
        "is_verified": false,
        "line_number": 30
      },
      {
        "type": "Secret Keyword",
        "filename": "logs/gitleaks_workspace.json",
        "hashed_secret": "b176be3d336b4361edb8bc5f284d782a24bc20aa",
        "is_verified": false,
        "line_number": 30
      },
      {
        "type": "Base64 High Entropy String",
        "filename": "logs/gitleaks_workspace.json",
        "hashed_secret": "ef15f28cc51bd6c5d8a68f3f6c039a316d3e1bd8",
        "is_verified": false,
        "line_number": 49
      },
      {
        "type": "Base64 High Entropy String",
        "filename": "logs/gitleaks_workspace.json",
        "hashed_secret": "2dadf4bb63d018ae7dd6437522c8373f0de45fd4",
        "is_verified": false,
        "line_number": 50
      },
      {
        "type": "Secret Keyword",
        "filename": "logs/gitleaks_workspace.json",
        "hashed_secret": "2dadf4bb63d018ae7dd6437522c8373f0de45fd4",
        "is_verified": false,
        "line_number": 50
      },
      {
        "type": "Secret Keyword",
        "filename": "logs/gitleaks_workspace.json",
        "hashed_secret": "b6d450df35a9778e4e02f349d8b121ba40aec3a6",
        "is_verified": false,
        "line_number": 70
      },
      {
        "type": "Hex High Entropy String",
        "filename": "logs/gitleaks_workspace.json",
        "hashed_secret": "481ff2d49454d27de1a3861ee8054d6be443db61",
        "is_verified": false,
        "line_number": 90
      },
      {
        "type": "Secret Keyword",
        "filename": "logs/gitleaks_workspace.json",
        "hashed_secret": "481ff2d49454d27de1a3861ee8054d6be443db61",
        "is_verified": false,
        "line_number": 90
      }
    ],
    "memory/agent-changes-state.json": [
      {
        "type": "Hex High Entropy String",
        "filename": "memory/agent-changes-state.json",
        "hashed_secret": "f0e48398ce5ba322aa465c51e05f6f282d7afa45",
        "is_verified": false,
        "line_number": 2
      },
      {
        "type": "Hex High Entropy String",
        "filename": "memory/agent-changes-state.json",
        "hashed_secret": "1e16d2a61d2afe911f96f543f5bd4e7e3593e188",
        "is_verified": false,
        "line_number": 3
      },
      {
        "type": "Hex High Entropy String",
        "filename": "memory/agent-changes-state.json",
        "hashed_secret": "20aa585d99f15dfdefcadf54022dd720ccf7dec8",
        "is_verified": false,
        "line_number": 4
      },
      {
        "type": "Hex High Entropy String",
        "filename": "memory/agent-changes-state.json",
        "hashed_secret": "d0c1af36005d1a6ba43ee40542cfe711160aebe2",
        "is_verified": false,
        "line_number": 5
      },
      {
        "type": "Hex High Entropy String",
        "filename": "memory/agent-changes-state.json",
        "hashed_secret": "a7f7fc39f67fe89888e843b01488d30d43b20b03",
        "is_verified": false,
        "line_number": 6
      },
      {
        "type": "Hex High Entropy String",
        "filename": "memory/agent-changes-state.json",
        "hashed_secret": "372b12b322a732c30cfda3a24a0ca9d6d933e6b2",
        "is_verified": false,
        "line_number": 7
      },
      {
        "type": "Hex High Entropy String",
        "filename": "memory/agent-changes-state.json",
        "hashed_secret": "afc4811df45812f5dc779de8cd7e089f3aa39a48",
        "is_verified": false,
        "line_number": 8
      },
      {
        "type": "Hex High Entropy String",
        "filename": "memory/agent-changes-state.json",
        "hashed_secret": "04b2ed2722a7ffb717e3b019f6c726e88169085a",
        "is_verified": false,
        "line_number": 9
      },
      {
        "type": "Hex High Entropy String",
        "filename": "memory/agent-changes-state.json",
        "hashed_secret": "7f99b85b9de6a9070ea4d994969b0323d3e9888e",
        "is_verified": false,
        "line_number": 10
      },
      {
        "type": "Hex High Entropy String",
        "filename": "memory/agent-changes-state.json",
        "hashed_secret": "0958118fe62b8691eb0f620e698050ed130bd85e",
        "is_verified": false,
        "line_number": 11
      },
      {
        "type": "Hex High Entropy String",
        "filename": "memory/agent-changes-state.json",
        "hashed_secret": "68fd89be9335a32ebbc4b371e13c8ab4fd43b6ae",
        "is_verified": false,
        "line_number": 12
      },
      {
        "type": "Hex High Entropy String",
        "filename": "memory/agent-changes-state.json",
        "hashed_secret": "387026473ff5843c03f63a0ca0b1cdc815196bb4",
        "is_verified": false,
        "line_number": 13
      },
      {
        "type": "Hex High Entropy String",
        "filename": "memory/agent-changes-state.json",
        "hashed_secret": "1330107085f8217c7ab1bc89dd30c382f8589362",
        "is_verified": false,
        "line_number": 14
      },
      {
        "type": "Hex High Entropy String",
        "filename": "memory/agent-changes-state.json",
        "hashed_secret": "b7ce44505ed0aab66f32046e3a9cd47567774044",
        "is_verified": false,
        "line_number": 15
      },
      {
        "type": "Hex High Entropy String",
        "filename": "memory/agent-changes-state.json",
        "hashed_secret": "3f2cdd54a14d695339a2cccf8203a9364efbb5e9",
        "is_verified": false,
        "line_number": 16
      },
      {
        "type": "Hex High Entropy String",
        "filename": "memory/agent-changes-state.json",
        "hashed_secret": "c51b508bf85003b5b64fbd6da66b03ff15bd236a",
        "is_verified": false,
        "line_number": 17
      },
      {
        "type": "Hex High Entropy String",
        "filename": "memory/agent-changes-state.json",
        "hashed_secret": "145271e066f6baeab6d43426e7879cc4f01ef06f",
        "is_verified": false,
        "line_number": 18
      },
      {
        "type": "Hex High Entropy String",
        "filename": "memory/agent-changes-state.json",
        "hashed_secret": "7dc6c2ecd4c6b0354249f9a3382ff8a1d803c104",
        "is_verified": false,
        "line_number": 19
      },
      {
        "type": "Hex High Entropy String",
        "filename": "memory/agent-changes-state.json",
        "hashed_secret": "f750b27ff7df147cc250fe51940c49c8d2a63438",
        "is_verified": false,
        "line_number": 20
      },
      {
        "type": "Hex High Entropy String",
        "filename": "memory/agent-changes-state.json",
        "hashed_secret": "5d63ddbcf0ceb0010a75a24785fed40b39dc0597",
        "is_verified": false,
        "line_number": 21
      },
      {
        "type": "Hex High Entropy String",
        "filename": "memory/agent-changes-state.json",
        "hashed_secret": "6445633876c53d35ba481513402391a626127d56",
        "is_verified": false,
        "line_number": 22
      },
      {
        "type": "Hex High Entropy String",
        "filename": "memory/agent-changes-state.json",
        "hashed_secret": "59f2f25971f14208ae4cd2dae7d41b17198d1e5b",
        "is_verified": false,
        "line_number": 23
      },
      {
        "type": "Hex High Entropy String",
        "filename": "memory/agent-changes-state.json",
        "hashed_secret": "aa4d62ccb7f311ece1df1f2a18a89e8dba80a022",
        "is_verified": false,
        "line_number": 24
      },
      {
        "type": "Hex High Entropy String",
        "filename": "memory/agent-changes-state.json",
        "hashed_secret": "c158fc352b66866e3f37997e0be1cde39864246f",
        "is_verified": false,
        "line_number": 25
      },
      {
        "type": "Hex High Entropy String",
        "filename": "memory/agent-changes-state.json",
        "hashed_secret": "770298b5ff07da2247b939c3c8657e8d871a346d",
        "is_verified": false,
        "line_number": 26
      },
      {
        "type": "Hex High Entropy String",
        "filename": "memory/agent-changes-state.json",
        "hashed_secret": "3c437cde09478bf83772455e310c2d4b01164a21",
        "is_verified": false,
        "line_number": 27
      },
      {
        "type": "Hex High Entropy String",
        "filename": "memory/agent-changes-state.json",
        "hashed_secret": "df4b87b3357890b2cd76095350eaac0f638a9931",
        "is_verified": false,
        "line_number": 28
      },
      {
        "type": "Hex High Entropy String",
        "filename": "memory/agent-changes-state.json",
        "hashed_secret": "45efbd15d6f23cd2af2835d9b6081e1e7eb65ae1",
        "is_verified": false,
        "line_number": 29
      }
    ],
    "memory/clawdbot-data-doc-hash.md": [
      {
        "type": "Hex High Entropy String",
        "filename": "memory/clawdbot-data-doc-hash.md",
        "hashed_secret": "50e26d3b66358fa8ac0bf6c91c0f3569a71e13b7",
        "is_verified": false,
        "line_number": 2
      }
    ],
    "node_modules/.package-lock.json": [
      {
        "type": "Base64 High Entropy String",
        "filename": "node_modules/.package-lock.json",
        "hashed_secret": "ec1a7d3295aafab3b53f7a0bb7bd88698c456b1c",
        "is_verified": false,
        "line_number": 10
      },
      {
        "type": "Base64 High Entropy String",
        "filename": "node_modules/.package-lock.json",
        "hashed_secret": "0a33d5de5c244470c3e56c1634ac81998b20eee6",
        "is_verified": false,
        "line_number": 28
      }
    ],
    "node_modules/playwright-core/lib/mcpBundleImpl/index.js": [
      {
        "type": "Base64 High Entropy String",
        "filename": "node_modules/playwright-core/lib/mcpBundleImpl/index.js",
        "hashed_secret": "9f9ea1fb92ac4190b00ac095ad89502304296a61",
        "is_verified": false,
        "line_number": 103
      }
    ],
    "node_modules/playwright/types/test.d.ts": [
      {
        "type": "Secret Keyword",
        "filename": "node_modules/playwright/types/test.d.ts",
        "hashed_secret": "25ab86bed149ca6ca9c1c0d5db7c9a91388ddeab",
        "is_verified": false,
        "line_number": 6244
      },
      {
        "type": "Secret Keyword",
        "filename": "node_modules/playwright/types/test.d.ts",
        "hashed_secret": "9d4e1e23bd5b727046a9e3b4b7db57bd8d6ee684",
        "is_verified": false,
        "line_number": 7161
      },
      {
        "type": "Secret Keyword",
        "filename": "node_modules/playwright/types/test.d.ts",
        "hashed_secret": "5baa61e4c9b93f3f0682250b6cf8331b7ee68fd8",
        "is_verified": false,
        "line_number": 7677
      }
    ],
    "plans/contract-analyzer-deployment-steps.md": [
      {
        "type": "Secret Keyword",
        "filename": "plans/contract-analyzer-deployment-steps.md",
        "hashed_secret": "0488b1e77b437df2e7bc369841f39eab010798a7",
        "is_verified": false,
        "line_number": 557
      },
      {
        "type": "Secret Keyword",
        "filename": "plans/contract-analyzer-deployment-steps.md",
        "hashed_secret": "7b7392652c1cf2bd1de3c72393a746ed942b2b16",
        "is_verified": false,
        "line_number": 560
      },
      {
        "type": "Secret Keyword",
        "filename": "plans/contract-analyzer-deployment-steps.md",
        "hashed_secret": "0e93ac80e7436a916f8670f976a0e1477cc929b9",
        "is_verified": false,
        "line_number": 619
      },
      {
        "type": "Basic Auth Credentials",
        "filename": "plans/contract-analyzer-deployment-steps.md",
        "hashed_secret": "9d4e1e23bd5b727046a9e3b4b7db57bd8d6ee684",
        "is_verified": false,
        "line_number": 1099
      },
      {
        "type": "Basic Auth Credentials",
        "filename": "plans/contract-analyzer-deployment-steps.md",
        "hashed_secret": "5baa61e4c9b93f3f0682250b6cf8331b7ee68fd8",
        "is_verified": false,
        "line_number": 1103
      }
    ],
    "plans/github-public-repo-security.md": [
      {
        "type": "Secret Keyword",
        "filename": "plans/github-public-repo-security.md",
        "hashed_secret": "7995bf81a0fb977f01acd47cde16ef451293903a",
        "is_verified": false,
        "line_number": 14
      }
    ],
    "plans/llamaparse-llamaindex-contract-analyzer.md": [
      {
        "type": "Secret Keyword",
        "filename": "plans/llamaparse-llamaindex-contract-analyzer.md",
        "hashed_secret": "ccf541bde60dc7d22b86d847c48f6478633d0636",
        "is_verified": false,
        "line_number": 88
      }
    ],
    "plans/planner-gpt54-upgrade.md": [
      {
        "type": "Secret Keyword",
        "filename": "plans/planner-gpt54-upgrade.md",
        "hashed_secret": "ec3810e10fb78db55ce38b9c18d1c3eb1db739e0",
        "is_verified": false,
        "line_number": 32
      }
    ],
    "plans/yacht-manager-plan.md": [
      {
        "type": "Basic Auth Credentials",
        "filename": "plans/yacht-manager-plan.md",
        "hashed_secret": "56eb3a3ec734e5a66d4f1746ef58961d266fdabe",
        "is_verified": false,
        "line_number": 972
      }
    ],
    "scan-tax-emails.py": [
      {
        "type": "Secret Keyword",
        "filename": "scan-tax-emails.py",
        "hashed_secret": "7995bf81a0fb977f01acd47cde16ef451293903a",
        "is_verified": false,
        "line_number": 12
      }
    ],
    "search_noah_emails.py": [
      {
        "type": "Secret Keyword",
        "filename": "search_noah_emails.py",
        "hashed_secret": "7995bf81a0fb977f01acd47cde16ef451293903a",
        "is_verified": false,
        "line_number": 12
      }
    ],
    "search_tax_emails_2025.py": [
      {
        "type": "Secret Keyword",
        "filename": "search_tax_emails_2025.py",
        "hashed_secret": "7995bf81a0fb977f01acd47cde16ef451293903a",
        "is_verified": false,
        "line_number": 15
      }
    ],
    "search_trip_emails.py": [
      {
        "type": "Secret Keyword",
        "filename": "search_trip_emails.py",
        "hashed_secret": "7995bf81a0fb977f01acd47cde16ef451293903a",
        "is_verified": false,
        "line_number": 13
      }
    ],
    "send-email-multiple-attachments.py": [
      {
        "type": "Secret Keyword",
        "filename": "send-email-multiple-attachments.py",
        "hashed_secret": "7995bf81a0fb977f01acd47cde16ef451293903a",
        "is_verified": false,
        "line_number": 28
      }
    ],
    "send-email-with-attachment.py": [
      {
        "type": "Secret Keyword",
        "filename": "send-email-with-attachment.py",
        "hashed_secret": "7995bf81a0fb977f01acd47cde16ef451293903a",
        "is_verified": false,
        "line_number": 17
      }
    ],
    "send_redlined_email.py": [
      {
        "type": "Secret Keyword",
        "filename": "send_redlined_email.py",
        "hashed_secret": "7995bf81a0fb977f01acd47cde16ef451293903a",
        "is_verified": false,
        "line_number": 12
      }
    ],
    "skills/railway-deployment/SKILL.md": [
      {
        "type": "Basic Auth Credentials",
        "filename": "skills/railway-deployment/SKILL.md",
        "hashed_secret": "9d4e1e23bd5b727046a9e3b4b7db57bd8d6ee684",
        "is_verified": false,
        "line_number": 266
      }
    ],
    "skills/railway-deployment/TEMPLATE.md": [
      {
        "type": "Basic Auth Credentials",
        "filename": "skills/railway-deployment/TEMPLATE.md",
        "hashed_secret": "9d4e1e23bd5b727046a9e3b4b7db57bd8d6ee684",
        "is_verified": false,
        "line_number": 145
      }
    ],
    "tax-email-scan.py": [
      {
        "type": "Secret Keyword",
        "filename": "tax-email-scan.py",
        "hashed_secret": "7995bf81a0fb977f01acd47cde16ef451293903a",
        "is_verified": false,
        "line_number": 12
      }
    ],
    "tax_email_scan.py": [
      {
        "type": "Secret Keyword",
        "filename": "tax_email_scan.py",
        "hashed_secret": "7995bf81a0fb977f01acd47cde16ef451293903a",
        "is_verified": false,
        "line_number": 13
      }
    ],
    "tax_email_search.py": [
      {
        "type": "Secret Keyword",
        "filename": "tax_email_search.py",
        "hashed_secret": "7995bf81a0fb977f01acd47cde16ef451293903a",
        "is_verified": false,
        "line_number": 16
      }
    ],
    "test-twilio-sms.py": [
      {
        "type": "Hex High Entropy String",
        "filename": "test-twilio-sms.py",
        "hashed_secret": "f2f0a2fe918f702c4b4270ba04758c1cb64c68c4",
        "is_verified": false,
        "line_number": 7
      },
      {
        "type": "Twilio API Key",
        "filename": "test-twilio-sms.py",
        "hashed_secret": "f2f0a2fe918f702c4b4270ba04758c1cb64c68c4",
        "is_verified": false,
        "line_number": 7
      },
      {
        "type": "Hex High Entropy String",
        "filename": "test-twilio-sms.py",
        "hashed_secret": "481ff2d49454d27de1a3861ee8054d6be443db61",
        "is_verified": false,
        "line_number": 8
      }
    ]
  },
  "generated_at": "2026-03-26T03:27:24Z"
}
